 DADOS DE ENTRADA

 numeros de nos          :   29

 coordenadas nodais
        no       x         y
         1      1.00      0.00
         2      1.00      1.00
         3      1.50      0.50
         4      2.00      0.00
         5      2.00      1.00
         6      2.50      0.50
         7      3.00      0.00
         8      3.00      1.00
         9      3.50      0.50
        10      4.00      0.00
        11      4.00      1.00
        12      4.50      0.50
        13      5.00      0.00
        14      5.00      1.00
        15      5.50      0.50
        16      6.00      0.00
        17      6.00      1.00
        18      6.50      0.50
        19      7.00      0.00
        20      7.00      1.00
        21      7.50      0.50
        22      8.00      0.00
        23      8.00      1.00
        24      8.50      0.50
        25      9.00      0.00
        26      9.00      1.00
        27      9.50      0.50
        28     10.00      0.00
        29     10.00      1.00

 numero de elementos     :   36

  conectividade dos elementos e propriedades
elemento       no1       no2       no3     material
         1         2         1         3         1
         2         1         4         3         1
         3         4         5         3         1
         4         5         2         3         1
         5         5         4         6         1
         6         4         7         6         1
         7         7         8         6         1
         8         8         5         6         1
         9         8         7         9         1
        10         7        10         9         1
        11        10        11         9         1
        12        11         8         9         1
        13        11        10        12         1
        14        10        13        12         1
        15        13        14        12         1
        16        14        11        12         1
        17        14        13        15         1
        18        13        16        15         1
        19        16        17        15         1
        20        17        14        15         1
        21        17        16        18         1
        22        16        19        18         1
        23        19        20        18         1
        24        20        17        18         1
        25        20        19        21         1
        26        19        22        21         1
        27        22        23        21         1
        28        23        20        21         1
        29        23        22        24         1
        30        22        25        24         1
        31        25        26        24         1
        32        26        23        24         1
        33        26        25        27         1
        34        25        28        27         1
        35        28        29        27         1
        36        29        26        27         1

 numero de materiais     :    1

         1             1.00000             0.00000

 numero de nos carregados:    2

cargas nodais
       no       px        py
        28    -31.42      0.00
        29    -31.42      0.00


 numero de nos suportados:   20


  dados das condicoes de contorno
                       status              valores prescritos
                (1:prescrito, 0:livre)
       no          u         v                u         v
         1         0         1              0.0000    0.0000
         2         0         1              0.0000    0.0000
         4         0         1              0.0000    0.0000
         5         0         1              0.0000    0.0000
         7         0         1              0.0000    0.0000
         8         0         1              0.0000    0.0000
        10         0         1              0.0000    0.0000
        11         0         1              0.0000    0.0000
        13         0         1              0.0000    0.0000
        14         0         1              0.0000    0.0000
        16         0         1              0.0000    0.0000
        17         0         1              0.0000    0.0000
        19         0         1              0.0000    0.0000
        20         0         1              0.0000    0.0000
        22         0         1              0.0000    0.0000
        23         0         1              0.0000    0.0000
        25         0         1              0.0000    0.0000
        26         0         1              0.0000    0.0000
        28         0         1              0.0000    0.0000
        29         0         1              0.0000    0.0000


 RESULTADOS

 deslocamentos nodais

        no            u              v
         1   -0.20057E+01    0.00000E+00
         2   -0.20057E+01    0.00000E+00
         3   -0.21888E+01   -0.47748E-07
         4   -0.25204E+01    0.00000E+00
         5   -0.25204E+01    0.00000E+00
         6   -0.29274E+01    0.43458E-07
         7   -0.33640E+01    0.00000E+00
         8   -0.33640E+01    0.00000E+00
         9   -0.38221E+01   -0.51109E-08
        10   -0.42907E+01    0.00000E+00
        11   -0.42907E+01    0.00000E+00
        12   -0.47682E+01   -0.33593E-08
        13   -0.52506E+01    0.00000E+00
        14   -0.52506E+01    0.00000E+00
        15   -0.57376E+01    0.71343E-07
        16   -0.62273E+01    0.00000E+00
        17   -0.62273E+01    0.00000E+00
        18   -0.67195E+01   -0.63413E-08
        19   -0.72134E+01    0.00000E+00
        20   -0.72134E+01    0.00000E+00
        21   -0.77090E+01    0.12799E-07
        22   -0.82056E+01    0.00000E+00
        23   -0.82056E+01    0.00000E+00
        24   -0.87033E+01    0.15150E-06
        25   -0.92017E+01    0.00000E+00
        26   -0.92017E+01    0.00000E+00
        27   -0.97009E+01   -0.98681E-08
        28   -0.10201E+02    0.00000E+00
        29   -0.10201E+02    0.00000E+00

 tensoes nos elementos

      NUMBER            R-STRESS         Z-STRESS         T-STRESS         RZ-STRESS
         1       -0.3661700E+00   0.0000000E+00  -0.1771455E+01  -0.1662820E-06
         2       -0.5147384E+00  -0.9549696E-07  -0.1492185E+01   0.7428405E-01
         3       -0.6633068E+00   0.0000000E+00  -0.1314467E+01  -0.2788607E-06
         4       -0.5147388E+00   0.9549693E-07  -0.1492185E+01  -0.7428434E-01
         5       -0.8139133E+00   0.0000000E+00  -0.1225874E+01  -0.3713417E-06
         6       -0.8436269E+00   0.8691600E-07  -0.1174908E+01   0.1485647E-01
         7       -0.8733396E+00   0.0000000E+00  -0.1135933E+01  -0.1950840E-06
         8       -0.8436261E+00  -0.8691599E-07  -0.1174907E+01  -0.1485693E-01
         9       -0.9160351E+00   0.0000000E+00  -0.1110539E+01  -0.8092397E-07
        10       -0.9266468E+00  -0.1022187E-07  -0.1093025E+01   0.5305788E-02
        11       -0.9372581E+00   0.0000000E+00  -0.1078557E+01   0.7441466E-07
        12       -0.9266464E+00   0.1022187E-07  -0.1093025E+01  -0.5305984E-02
        13       -0.9550024E+00   0.0000000E+00  -0.1067964E+01  -0.1031705E-06
        14       -0.9599549E+00  -0.6718651E-08  -0.1059963E+01   0.2476601E-02
        15       -0.9649074E+00   0.0000000E+00  -0.1053065E+01   0.6311551E-07
        16       -0.9599548E+00   0.6718650E-08  -0.1059963E+01  -0.2476307E-02
        17       -0.9739299E+00   0.0000000E+00  -0.1047670E+01  -0.4756344E-07
        18       -0.9766324E+00   0.1426854E-06  -0.1043364E+01   0.1351149E-02
        19       -0.9793336E+00   0.0000000E+00  -0.1039550E+01   0.4596791E-06
        20       -0.9766309E+00  -0.1426854E-06  -0.1043364E+01  -0.1350610E-02
        21       -0.9845375E+00   0.0000000E+00  -0.1036437E+01   0.5788656E-06
        22       -0.9861687E+00  -0.1268259E-07  -0.1033859E+01   0.8169747E-03
        23       -0.9878023E+00   0.0000000E+00  -0.1031532E+01   0.5722854E-07
        24       -0.9861696E+00   0.1268258E-07  -0.1033858E+01  -0.8161926E-03
        25       -0.9910712E+00   0.0000000E+00  -0.1029575E+01   0.1145738E-06
        26       -0.9921308E+00   0.2559856E-07  -0.1027910E+01   0.5307544E-03
        27       -0.9931914E+00   0.0000000E+00  -0.1026387E+01   0.3621181E-07
        28       -0.9921306E+00  -0.2559855E-07  -0.1027910E+01  -0.5306851E-03
        29       -0.9953799E+00   0.0000000E+00  -0.1025078E+01   0.2495180E-06
        30       -0.9961091E+00   0.3029915E-06  -0.1023941E+01   0.3651734E-03
        31       -0.9968365E+00   0.0000000E+00  -0.1022889E+01   0.9945106E-06
        32       -0.9961071E+00  -0.3029914E-06  -0.1023941E+01  -0.3643874E-03
        33       -0.9983705E+00   0.0000000E+00  -0.1021972E+01   0.1039973E-05
        34       -0.9988911E+00  -0.1973621E-07  -0.1021162E+01   0.2620577E-03
        35       -0.9994114E+00   0.0000000E+00  -0.1020405E+01   0.1154816E-05
        36       -0.9988910E+00   0.1973620E-07  -0.1021161E+01  -0.2596022E-03
